Python 3.5.2 (default, Nov 23 2017, 16:37:01) 
[GCC 5.4.0 20160609] on linux
Type "help", "copyright", "credits" or "license" for more information.
>>> >>> >>> >>> dir(os)
['CLD_CONTINUED', 'CLD_DUMPED', 'CLD_EXITED', 'CLD_TRAPPED', 'EX_CANTCREAT', 'EX_CONFIG', 'EX_DATAERR', 'EX_IOERR', 'EX_NOHOST', 'EX_NOINPUT', 'EX_NOPERM', 'EX_NOUSER', 'EX_OK', 'EX_OSERR', 'EX_OSFILE', 'EX_PROTOCOL', 'EX_SOFTWARE', 'EX_TEMPFAIL', 'EX_UNAVAILABLE', 'EX_USAGE', 'F_LOCK', 'F_OK', 'F_TEST', 'F_TLOCK', 'F_ULOCK', 'MutableMapping', 'NGROUPS_MAX', 'O_ACCMODE', 'O_APPEND', 'O_ASYNC', 'O_CLOEXEC', 'O_CREAT', 'O_DIRECT', 'O_DIRECTORY', 'O_DSYNC', 'O_EXCL', 'O_LARGEFILE', 'O_NDELAY', 'O_NOATIME', 'O_NOCTTY', 'O_NOFOLLOW', 'O_NONBLOCK', 'O_PATH', 'O_RDONLY', 'O_RDWR', 'O_RSYNC', 'O_SYNC', 'O_TMPFILE', 'O_TRUNC', 'O_WRONLY', 'POSIX_FADV_DONTNEED', 'POSIX_FADV_NOREUSE', 'POSIX_FADV_NORMAL', 'POSIX_FADV_RANDOM', 'POSIX_FADV_SEQUENTIAL', 'POSIX_FADV_WILLNEED', 'PRIO_PGRP', 'PRIO_PROCESS', 'PRIO_USER', 'P_ALL', 'P_NOWAIT', 'P_NOWAITO', 'P_PGID', 'P_PID', 'P_WAIT', 'RTLD_DEEPBIND', 'RTLD_GLOBAL', 'RTLD_LAZY', 'RTLD_LOCAL', 'RTLD_NODELETE', 'RTLD_NOLOAD', 'RTLD_NOW', 'R_OK', 'SCHED_BATCH', 'SCHED_FIFO', 'SCHED_IDLE', 'SCHED_OTHER', 'SCHED_RESET_ON_FORK', 'SCHED_RR', 'SEEK_CUR', 'SEEK_DATA', 'SEEK_END', 'SEEK_HOLE', 'SEEK_SET', 'ST_APPEND', 'ST_MANDLOCK', 'ST_NOATIME', 'ST_NODEV', 'ST_NODIRATIME', 'ST_NOEXEC', 'ST_NOSUID', 'ST_RDONLY', 'ST_RELATIME', 'ST_SYNCHRONOUS', 'ST_WRITE', 'TMP_MAX', 'WCONTINUED', 'WCOREDUMP', 'WEXITED', 'WEXITSTATUS', 'WIFCONTINUED', 'WIFEXITED', 'WIFSIGNALED', 'WIFSTOPPED', 'WNOHANG', 'WNOWAIT', 'WSTOPPED', 'WSTOPSIG', 'WTERMSIG', 'WUNTRACED', 'W_OK', 'XATTR_CREATE', 'XATTR_REPLACE', 'XATTR_SIZE_MAX', 'X_OK', '_DummyDirEntry', '_Environ', '__all__', '__builtins__', '__cached__', '__doc__', '__file__', '__loader__', '__name__', '__package__', '__spec__', '_dummy_scandir', '_execvpe', '_exists', '_exit', '_fwalk', '_get_exports_list', '_putenv', '_spawnvef', '_unsetenv', '_wrap_close', 'abort', 'access', 'altsep', 'chdir', 'chmod', 'chown', 'chroot', 'close', 'closerange', 'confstr', 'confstr_names', 'cpu_count', 'ctermid', 'curdir', 'defpath', 'device_encoding', 'devnull', 'dup', 'dup2', 'environ', 'environb', 'errno', 'error', 'execl', 'execle', 'execlp', 'execlpe', 'execv', 'execve', 'execvp', 'execvpe', 'extsep', 'fchdir', 'fchmod', 'fchown', 'fdatasync', 'fdopen', 'fork', 'forkpty', 'fpathconf', 'fsdecode', 'fsencode', 'fstat', 'fstatvfs', 'fsync', 'ftruncate', 'fwalk', 'get_blocking', 'get_exec_path', 'get_inheritable', 'get_terminal_size', 'getcwd', 'getcwdb', 'getegid', 'getenv', 'getenvb', 'geteuid', 'getgid', 'getgrouplist', 'getgroups', 'getloadavg', 'getlogin', 'getpgid', 'getpgrp', 'getpid', 'getppid', 'getpriority', 'getresgid', 'getresuid', 'getsid', 'getuid', 'getxattr', 'initgroups', 'isatty', 'kill', 'killpg', 'lchown', 'linesep', 'link', 'listdir', 'listxattr', 'lockf', 'lseek', 'lstat', 'major', 'makedev', 'makedirs', 'minor', 'mkdir', 'mkfifo', 'mknod', 'name', 'nice', 'open', 'openpty', 'pardir', 'path', 'pathconf', 'pathconf_names', 'pathsep', 'pipe', 'pipe2', 'popen', 'posix_fadvise', 'posix_fallocate', 'pread', 'putenv', 'pwrite', 'read', 'readlink', 'readv', 'remove', 'removedirs', 'removexattr', 'rename', 'renames', 'replace', 'rmdir', 'scandir', 'sched_get_priority_max', 'sched_get_priority_min', 'sched_getaffinity', 'sched_getparam', 'sched_getscheduler', 'sched_param', 'sched_rr_get_interval', 'sched_setaffinity', 'sched_setparam', 'sched_setscheduler', 'sched_yield', 'sendfile', 'sep', 'set_blocking', 'set_inheritable', 'setegid', 'seteuid', 'setgid', 'setgroups', 'setpgid', 'setpgrp', 'setpriority', 'setregid', 'setresgid', 'setresuid', 'setreuid', 'setsid', 'setuid', 'setxattr', 'spawnl', 'spawnle', 'spawnlp', 'spawnlpe', 'spawnv', 'spawnve', 'spawnvp', 'spawnvpe', 'st', 'stat', 'stat_float_times', 'stat_result', 'statvfs', 'statvfs_result', 'strerror', 'supports_bytes_environ', 'supports_dir_fd', 'supports_effective_ids', 'supports_fd', 'supports_follow_symlinks', 'symlink', 'sync', 'sys', 'sysconf', 'sysconf_names', 'system', 'tcgetpgrp', 'tcsetpgrp', 'terminal_size', 'times', 'times_result', 'truncate', 'ttyname', 'umask', 'uname', 'uname_result', 'unlink', 'unsetenv', 'urandom', 'utime', 'wait', 'wait3', 'wait4', 'waitid', 'waitid_result', 'waitpid', 'walk', 'write', 'writev']
>>> os.listdir(".")
['#myfile#', 'msebapril18.pdf', 'hvsevent', '.dia', '.hoodle.d', '.bash_history', '.polyml', '#1#', 'sum.org~', 'gilist12.pdf', 'type.hs', 'DSworkshop', 'it2017.tgz', 'it2018', 'mozilla.pdf', 'len.gs', '.mozilla', 'Final-summer2017.ods', '.bashrc-anaconda3.bak', 'python3.ppt', '1.s', '2.pdf', '.dropbox-dist', 'adhaarreq.pdf', 'visa', '.adobe', '.cache', 'nara.txt', 'Gstuff', '.ssh', 'Skype Calls', '.lesshst', 'summerSchool.org', 'data.gs', '1.hs', '1.R', 'Public', '.python_history', '.config', 'reports', '.java', 'pass', '.Skype', 'it2017', 'dec.thy', 'Invoice-Jan-2016.doc', 'bobsep.pdf', 'exp.gs', '2.c', '.bashrc', 'erlang', '.erlang_history', 'js', 'per.gs', 'delete list', 'Downloads', 'aradhana.org~', 'sir', '.thunderbird', 'Invoice-Jan-2016.odt', 'pucsd', 'Dropbox', '.audacity-data', 'Final-Evaluations-PCI-Winter-School-2017-Anu.ods', 'summer17', 'Diagram1.dia.autosave', 'ch13-OOPython.ppt', 'taxes1718', 'Work period cost estimate.xlsx', '.hoodle', 'aradhana.html', '.skypecallrecorder.lock', 'newsources.list', '.ipynb_checkpoints', 'Work period budget.xlsx', '.xsession-errors', 'it.tgz', 'Anuradha expenses.xlsx', '.cabal', 'voicerecorder', 'Templates', '.compiz', 'iter_gener.ppt', 'pci', '.gnome2_private', 'cummins', '#t#', 'Pictures', 'first10pgs.pdf.pdf', 'Invitation Rustom.doc', 'Google.Play.Services-10.2.91.apk', '.emacs.d', '.dmrc', '1.org', '.rubberband.wisdom.d', 'summerSchool.org~', '#1.py#', '.dropbox', '.nano', 'tre.hs', 'Desktop', 'kdenlive', 'pugofer', '.oracle_jre_usage', 'passport.pdf', 'msebjuly17.pdf', 'pris1.txt', 'llvm', 'tamil', 'PersistentPP.tgz', '.thumbnails', '.ipython', 'Calibre Library', '.jupyter', '1.o', '.clojure_history', '#ntpdate#', 'Music', '.xournal', 'Documents', '.Xauthority', 'charu', '#xxx#', 'New Mindmap.jpg', 'mail.txt', '#1.hs#', 'it2018.tgz', '#1.org#', '.continuum', 'passport.doc', '.gconf', 'visa2016', 'gst', '.xinputrc', 'gilist2.pdf', '.ICEauthority', 'magus', 'exp.hs', 'it2016', '.pki', 'hexanika', 'STS.png', 'ariston', 'STS2.png', 'bobsep.pdf.xoj', 'first10pgs.pdf', 'dotemacsold', '.macromedia', 'bin', 'per', 'del', '.local', '.xsession-errors.old', '1.py~', '.#t', '.hplip', '.gnupg', 'aradhana.html~', 'lalit', 'aradhana.org', 'gilist1.pdf', 'UK FINAL FORM.docx', '.dbus', 'toy.bin', 'Videos', '.bash_logout', '1.pdf', 'letterhead.doc', '.recently-used', 'Invoice-11-Dec-2015.odt', '.sudo_as_admin_successful', '.fonts', 'pdsw', 'qs.py', '.gitconfig', '.ghc', 'hdfcjan19rcpt.pdf', 'symposium16', '.gphoto', 'anupama', '1.py', '1.gs', '.isabelle', 'Untitled 1.odt', 'books', 'id', 'tre.hs~', '#1.gs#', 'Mody-Magus-Anuradha.tgz', '.profile', '.sane', 'first10pgs.pdf.xoj', 'advancemsebbill.pdf', 'siradvtax.pdf', '.grsync', 'examples.desktop', '#changelog1#', '.gnome2', 'propertxfer', 'type.gs', '.gimp-2.8', 'New Mindmap.mm', 'hdfccc.pdf', 'it2017,tgz', '1.c', '.stack', 'orbit', '.skypecallrecorder.rc', 'anubill.pdf', 'income-expense-record-magus.ods', '1.txt', '.aptitude', 'it2019', 'PersistentPP', '.idlerc', '.apl.history', 'bview', 'Bstuff']
>>> os.listdir(".")
['#myfile#', 'msebapril18.pdf', 'hvsevent', '.dia', '.hoodle.d', '.bash_history', '.polyml', '#1#', 'sum.org~', 'gilist12.pdf', 'type.hs', 'DSworkshop', 'it2017.tgz', 'it2018', 'mozilla.pdf', 'len.gs', '.mozilla', 'Final-summer2017.ods', '.bashrc-anaconda3.bak', 'python3.ppt', '1.s', '2.pdf', '.dropbox-dist', 'adhaarreq.pdf', 'visa', '.adobe', '.cache', 'nara.txt', 'Gstuff', '.ssh', 'Skype Calls', '.lesshst', 'summerSchool.org', 'data.gs', '1.hs', '1.R', 'Public', '.python_history', '.config', 'reports', '.java', 'pass', '.Skype', 'it2017', 'dec.thy', 'Invoice-Jan-2016.doc', 'bobsep.pdf', 'exp.gs', '2.c', '.bashrc', 'erlang', '.erlang_history', 'js', 'per.gs', 'delete list', 'Downloads', 'aradhana.org~', 'sir', '.thunderbird', 'Invoice-Jan-2016.odt', 'pucsd', 'Dropbox', '.audacity-data', 'Final-Evaluations-PCI-Winter-School-2017-Anu.ods', 'summer17', 'Diagram1.dia.autosave', 'ch13-OOPython.ppt', 'taxes1718', 'Work period cost estimate.xlsx', '.hoodle', 'aradhana.html', '.skypecallrecorder.lock', 'newsources.list', '.ipynb_checkpoints', 'Work period budget.xlsx', '.xsession-errors', 'it.tgz', 'Anuradha expenses.xlsx', '.cabal', 'voicerecorder', 'Templates', '.compiz', 'iter_gener.ppt', 'pci', '.gnome2_private', 'cummins', '#t#', 'Pictures', 'first10pgs.pdf.pdf', 'Invitation Rustom.doc', 'Google.Play.Services-10.2.91.apk', '.emacs.d', '.dmrc', '1.org', '.rubberband.wisdom.d', 'summerSchool.org~', '#1.py#', '.dropbox', '.nano', 'tre.hs', 'Desktop', 'kdenlive', 'pugofer', '.oracle_jre_usage', 'passport.pdf', 'msebjuly17.pdf', 'pris1.txt', 'llvm', 'tamil', 'PersistentPP.tgz', '.thumbnails', '.ipython', 'Calibre Library', '.jupyter', '1.o', '.clojure_history', '#ntpdate#', 'Music', '.xournal', 'Documents', '.Xauthority', 'charu', '#xxx#', 'New Mindmap.jpg', 'mail.txt', '#1.hs#', 'it2018.tgz', '#1.org#', '.continuum', 'passport.doc', '.gconf', 'visa2016', 'gst', '.xinputrc', 'gilist2.pdf', '.ICEauthority', 'magus', 'exp.hs', 'it2016', '.pki', 'hexanika', 'STS.png', 'ariston', 'STS2.png', 'bobsep.pdf.xoj', 'first10pgs.pdf', 'dotemacsold', '.macromedia', 'bin', 'per', 'del', '.local', '.xsession-errors.old', '1.py~', '.#t', '.hplip', '.gnupg', 'aradhana.html~', 'lalit', 'aradhana.org', 'gilist1.pdf', 'UK FINAL FORM.docx', '.dbus', 'toy.bin', 'Videos', '.bash_logout', '1.pdf', 'letterhead.doc', '.recently-used', 'Invoice-11-Dec-2015.odt', '.sudo_as_admin_successful', '.fonts', 'pdsw', 'qs.py', '.gitconfig', '.ghc', 'hdfcjan19rcpt.pdf', 'symposium16', '.gphoto', 'anupama', '1.py', '1.gs', '.isabelle', 'Untitled 1.odt', 'books', 'id', 'tre.hs~', '#1.gs#', 'Mody-Magus-Anuradha.tgz', '.profile', '.sane', 'first10pgs.pdf.xoj', 'advancemsebbill.pdf', 'siradvtax.pdf', '.grsync', 'examples.desktop', '#changelog1#', '.gnome2', 'propertxfer', 'type.gs', '.gimp-2.8', 'New Mindmap.mm', 'hdfccc.pdf', 'it2017,tgz', '1.c', '.stack', 'orbit', '.skypecallrecorder.rc', 'anubill.pdf', 'income-expense-record-magus.ods', '1.txt', '.aptitude', 'it2019', 'PersistentPP', '.idlerc', '.apl.history', 'bview', 'Bstuff']
>>> [f for f in os.listdir(".")]
['#myfile#', 'msebapril18.pdf', 'hvsevent', '.dia', '.hoodle.d', '.bash_history', '.polyml', '#1#', 'sum.org~', 'gilist12.pdf', 'type.hs', 'DSworkshop', 'it2017.tgz', 'it2018', 'mozilla.pdf', 'len.gs', '.mozilla', 'Final-summer2017.ods', '.bashrc-anaconda3.bak', 'python3.ppt', '1.s', '2.pdf', '.dropbox-dist', 'adhaarreq.pdf', 'visa', '.adobe', '.cache', 'nara.txt', 'Gstuff', '.ssh', 'Skype Calls', '.lesshst', 'summerSchool.org', 'data.gs', '1.hs', '1.R', 'Public', '.python_history', '.config', 'reports', '.java', 'pass', '.Skype', 'it2017', 'dec.thy', 'Invoice-Jan-2016.doc', 'bobsep.pdf', 'exp.gs', '2.c', '.bashrc', 'erlang', '.erlang_history', 'js', 'per.gs', 'delete list', 'Downloads', 'aradhana.org~', 'sir', '.thunderbird', 'Invoice-Jan-2016.odt', 'pucsd', 'Dropbox', '.audacity-data', 'Final-Evaluations-PCI-Winter-School-2017-Anu.ods', 'summer17', 'Diagram1.dia.autosave', 'ch13-OOPython.ppt', 'taxes1718', 'Work period cost estimate.xlsx', '.hoodle', 'aradhana.html', '.skypecallrecorder.lock', 'newsources.list', '.ipynb_checkpoints', 'Work period budget.xlsx', '.xsession-errors', 'it.tgz', 'Anuradha expenses.xlsx', '.cabal', 'voicerecorder', 'Templates', '.compiz', 'iter_gener.ppt', 'pci', '.gnome2_private', 'cummins', '#t#', 'Pictures', 'first10pgs.pdf.pdf', 'Invitation Rustom.doc', 'Google.Play.Services-10.2.91.apk', '.emacs.d', '.dmrc', '1.org', '.rubberband.wisdom.d', 'summerSchool.org~', '#1.py#', '.dropbox', '.nano', 'tre.hs', 'Desktop', 'kdenlive', 'pugofer', '.oracle_jre_usage', 'passport.pdf', 'msebjuly17.pdf', 'pris1.txt', 'llvm', 'tamil', 'PersistentPP.tgz', '.thumbnails', '.ipython', 'Calibre Library', '.jupyter', '1.o', '.clojure_history', '#ntpdate#', 'Music', '.xournal', 'Documents', '.Xauthority', 'charu', '#xxx#', 'New Mindmap.jpg', 'mail.txt', '#1.hs#', 'it2018.tgz', '#1.org#', '.continuum', 'passport.doc', '.gconf', 'visa2016', 'gst', '.xinputrc', 'gilist2.pdf', '.ICEauthority', 'magus', 'exp.hs', 'it2016', '.pki', 'hexanika', 'STS.png', 'ariston', 'STS2.png', 'bobsep.pdf.xoj', 'first10pgs.pdf', 'dotemacsold', '.macromedia', 'bin', 'per', 'del', '.local', '.xsession-errors.old', '1.py~', '.#t', '.hplip', '.gnupg', 'aradhana.html~', 'lalit', 'aradhana.org', 'gilist1.pdf', 'UK FINAL FORM.docx', '.dbus', 'toy.bin', 'Videos', '.bash_logout', '1.pdf', 'letterhead.doc', '.recently-used', 'Invoice-11-Dec-2015.odt', '.sudo_as_admin_successful', '.fonts', 'pdsw', 'qs.py', '.gitconfig', '.ghc', 'hdfcjan19rcpt.pdf', 'symposium16', '.gphoto', 'anupama', '1.py', '1.gs', '.isabelle', 'Untitled 1.odt', 'books', 'id', 'tre.hs~', '#1.gs#', 'Mody-Magus-Anuradha.tgz', '.profile', '.sane', 'first10pgs.pdf.xoj', 'advancemsebbill.pdf', 'siradvtax.pdf', '.grsync', 'examples.desktop', '#changelog1#', '.gnome2', 'propertxfer', 'type.gs', '.gimp-2.8', 'New Mindmap.mm', 'hdfccc.pdf', 'it2017,tgz', '1.c', '.stack', 'orbit', '.skypecallrecorder.rc', 'anubill.pdf', 'income-expense-record-magus.ods', '1.txt', '.aptitude', 'it2019', 'PersistentPP', '.idlerc', '.apl.history', 'bview', 'Bstuff']
>>> open("type.gs","r")
<_io.TextIOWrapper name='type.gs' mode='r' encoding='UTF-8'>
>>> open("type.gs","r").readlines()
['ctype Color where\n', '      Green : Color\n', '      Red : Color\n', '\n', '--ctype Exp\n', 'type Env = [(Char,Int)]\n', '\n', 'ctype Exp where\n', '      I : Int->Exp\n', '      V : Char -> Exp\n', '      Plus : Exp -> Exp -> Exp\n', '      \n', 'ctype Maybe.a where\n', '      Just : a -> Maybe.a\n', '      Nothing : Maybe.a\n', '\n', 'ctype Either.a.b where\n', '  Left: a -> Either.a.b\n', '  Right: b -> Either.a.b\n', '      \n', '\n', 'lookUp : Char -> Env -> Maybe.Int\n', 'lookUp.var.[] = Nothing\n', 'lookUp.var.((ch,vl)::vls) = if (var==ch) then Just.vl else lookUp.var.vls\n', '\n', '{-\n', 'eval:Exp->Env->Int\n', 'eval.(I.x).env = x\n', 'eval.(V.y).env = lookUp.y.env\n', 'eval.(Plus.expl.expr).env = eval.expl.env + eval.expr.env -}\n', '\n', 'eval1:Exp->Env->Maybe.Int\n', 'eval1.(I.x).env = Just.x\n', 'eval1.(V.y).env = lookUp.y.env\n', 'eval1.(Plus.expl.expr).env = eval1.expl.env `plus`  eval1.expr.env\n', '\n', 'h.x = x+2\n', '\n', 'g:Int -> Maybe.Int\n', 'g.x = Just.(x+2)\n', '\n', 'bind1 : (Int->Maybe.Int) -> Maybe.Int -> Maybe.Int\n', 'bind1.f.(Just.x) = f.x\n', 'bind1.f.Nothing = Nothing\n', '\n', '\n', 'plus : Maybe.Int -> Maybe.Int -> Maybe.Int\n', 'plus.(Just.x).(Just.y) = Just.(x+y)\n', 'plus._._ = Nothing\n', '\n', 'instance Functor.Maybe where\n', '\t map.f.(Just.x) = Just.(f.x)\n', '\t map.f.Nothing = Nothing\n', '\n', 'instance Functor.(Either.a) where\n', '\t map.f.(Left.a) = Left.a\n', '\t map.f.(Right.b) =Right.(f.b)\n', '\n', '\n', 'instance Monad.Maybe where\n', '    f .. Nothing = Nothing\n', '    f .. Just.x = f.x\n', '    result.x = Just.x\n', '\n', 'instance Monad.(Either.a) where\n', '    f .. (Left.x) = Left.x\n', '    f .. Right.x = f.x\n', '    result.x = Right.x\n', '\n', 'expEval : Exp -> Env -> Maybe.Int\n', 'expEval.(V.c).env = lookUp.c.env\n', 'expEval.(I.n).env=Just.n\n', 'expEval.(Plus.aexp1.aexp2).env =\n', '               (\\x -> (\\y -> result.(x + y))..(expEval.aexp2.env))..(expEval.aexp1.env)\n']
>>> [x for x in open("type.gs","r").readlines()]
['ctype Color where\n', '      Green : Color\n', '      Red : Color\n', '\n', '--ctype Exp\n', 'type Env = [(Char,Int)]\n', '\n', 'ctype Exp where\n', '      I : Int->Exp\n', '      V : Char -> Exp\n', '      Plus : Exp -> Exp -> Exp\n', '      \n', 'ctype Maybe.a where\n', '      Just : a -> Maybe.a\n', '      Nothing : Maybe.a\n', '\n', 'ctype Either.a.b where\n', '  Left: a -> Either.a.b\n', '  Right: b -> Either.a.b\n', '      \n', '\n', 'lookUp : Char -> Env -> Maybe.Int\n', 'lookUp.var.[] = Nothing\n', 'lookUp.var.((ch,vl)::vls) = if (var==ch) then Just.vl else lookUp.var.vls\n', '\n', '{-\n', 'eval:Exp->Env->Int\n', 'eval.(I.x).env = x\n', 'eval.(V.y).env = lookUp.y.env\n', 'eval.(Plus.expl.expr).env = eval.expl.env + eval.expr.env -}\n', '\n', 'eval1:Exp->Env->Maybe.Int\n', 'eval1.(I.x).env = Just.x\n', 'eval1.(V.y).env = lookUp.y.env\n', 'eval1.(Plus.expl.expr).env = eval1.expl.env `plus`  eval1.expr.env\n', '\n', 'h.x = x+2\n', '\n', 'g:Int -> Maybe.Int\n', 'g.x = Just.(x+2)\n', '\n', 'bind1 : (Int->Maybe.Int) -> Maybe.Int -> Maybe.Int\n', 'bind1.f.(Just.x) = f.x\n', 'bind1.f.Nothing = Nothing\n', '\n', '\n', 'plus : Maybe.Int -> Maybe.Int -> Maybe.Int\n', 'plus.(Just.x).(Just.y) = Just.(x+y)\n', 'plus._._ = Nothing\n', '\n', 'instance Functor.Maybe where\n', '\t map.f.(Just.x) = Just.(f.x)\n', '\t map.f.Nothing = Nothing\n', '\n', 'instance Functor.(Either.a) where\n', '\t map.f.(Left.a) = Left.a\n', '\t map.f.(Right.b) =Right.(f.b)\n', '\n', '\n', 'instance Monad.Maybe where\n', '    f .. Nothing = Nothing\n', '    f .. Just.x = f.x\n', '    result.x = Just.x\n', '\n', 'instance Monad.(Either.a) where\n', '    f .. (Left.x) = Left.x\n', '    f .. Right.x = f.x\n', '    result.x = Right.x\n', '\n', 'expEval : Exp -> Env -> Maybe.Int\n', 'expEval.(V.c).env = lookUp.c.env\n', 'expEval.(I.n).env=Just.n\n', 'expEval.(Plus.aexp1.aexp2).env =\n', '               (\\x -> (\\y -> result.(x + y))..(expEval.aexp2.env))..(expEval.aexp1.env)\n']
>>> os.pwd()
Traceback (most recent call last):
  File "<stdin>", line 1, in <module>
AttributeError: module 'os' has no attribute 'pwd'
>>> dir(os)
['CLD_CONTINUED', 'CLD_DUMPED', 'CLD_EXITED', 'CLD_TRAPPED', 'EX_CANTCREAT', 'EX_CONFIG', 'EX_DATAERR', 'EX_IOERR', 'EX_NOHOST', 'EX_NOINPUT', 'EX_NOPERM', 'EX_NOUSER', 'EX_OK', 'EX_OSERR', 'EX_OSFILE', 'EX_PROTOCOL', 'EX_SOFTWARE', 'EX_TEMPFAIL', 'EX_UNAVAILABLE', 'EX_USAGE', 'F_LOCK', 'F_OK', 'F_TEST', 'F_TLOCK', 'F_ULOCK', 'MutableMapping', 'NGROUPS_MAX', 'O_ACCMODE', 'O_APPEND', 'O_ASYNC', 'O_CLOEXEC', 'O_CREAT', 'O_DIRECT', 'O_DIRECTORY', 'O_DSYNC', 'O_EXCL', 'O_LARGEFILE', 'O_NDELAY', 'O_NOATIME', 'O_NOCTTY', 'O_NOFOLLOW', 'O_NONBLOCK', 'O_PATH', 'O_RDONLY', 'O_RDWR', 'O_RSYNC', 'O_SYNC', 'O_TMPFILE', 'O_TRUNC', 'O_WRONLY', 'POSIX_FADV_DONTNEED', 'POSIX_FADV_NOREUSE', 'POSIX_FADV_NORMAL', 'POSIX_FADV_RANDOM', 'POSIX_FADV_SEQUENTIAL', 'POSIX_FADV_WILLNEED', 'PRIO_PGRP', 'PRIO_PROCESS', 'PRIO_USER', 'P_ALL', 'P_NOWAIT', 'P_NOWAITO', 'P_PGID', 'P_PID', 'P_WAIT', 'RTLD_DEEPBIND', 'RTLD_GLOBAL', 'RTLD_LAZY', 'RTLD_LOCAL', 'RTLD_NODELETE', 'RTLD_NOLOAD', 'RTLD_NOW', 'R_OK', 'SCHED_BATCH', 'SCHED_FIFO', 'SCHED_IDLE', 'SCHED_OTHER', 'SCHED_RESET_ON_FORK', 'SCHED_RR', 'SEEK_CUR', 'SEEK_DATA', 'SEEK_END', 'SEEK_HOLE', 'SEEK_SET', 'ST_APPEND', 'ST_MANDLOCK', 'ST_NOATIME', 'ST_NODEV', 'ST_NODIRATIME', 'ST_NOEXEC', 'ST_NOSUID', 'ST_RDONLY', 'ST_RELATIME', 'ST_SYNCHRONOUS', 'ST_WRITE', 'TMP_MAX', 'WCONTINUED', 'WCOREDUMP', 'WEXITED', 'WEXITSTATUS', 'WIFCONTINUED', 'WIFEXITED', 'WIFSIGNALED', 'WIFSTOPPED', 'WNOHANG', 'WNOWAIT', 'WSTOPPED', 'WSTOPSIG', 'WTERMSIG', 'WUNTRACED', 'W_OK', 'XATTR_CREATE', 'XATTR_REPLACE', 'XATTR_SIZE_MAX', 'X_OK', '_DummyDirEntry', '_Environ', '__all__', '__builtins__', '__cached__', '__doc__', '__file__', '__loader__', '__name__', '__package__', '__spec__', '_dummy_scandir', '_execvpe', '_exists', '_exit', '_fwalk', '_get_exports_list', '_putenv', '_spawnvef', '_unsetenv', '_wrap_close', 'abort', 'access', 'altsep', 'chdir', 'chmod', 'chown', 'chroot', 'close', 'closerange', 'confstr', 'confstr_names', 'cpu_count', 'ctermid', 'curdir', 'defpath', 'device_encoding', 'devnull', 'dup', 'dup2', 'environ', 'environb', 'errno', 'error', 'execl', 'execle', 'execlp', 'execlpe', 'execv', 'execve', 'execvp', 'execvpe', 'extsep', 'fchdir', 'fchmod', 'fchown', 'fdatasync', 'fdopen', 'fork', 'forkpty', 'fpathconf', 'fsdecode', 'fsencode', 'fstat', 'fstatvfs', 'fsync', 'ftruncate', 'fwalk', 'get_blocking', 'get_exec_path', 'get_inheritable', 'get_terminal_size', 'getcwd', 'getcwdb', 'getegid', 'getenv', 'getenvb', 'geteuid', 'getgid', 'getgrouplist', 'getgroups', 'getloadavg', 'getlogin', 'getpgid', 'getpgrp', 'getpid', 'getppid', 'getpriority', 'getresgid', 'getresuid', 'getsid', 'getuid', 'getxattr', 'initgroups', 'isatty', 'kill', 'killpg', 'lchown', 'linesep', 'link', 'listdir', 'listxattr', 'lockf', 'lseek', 'lstat', 'major', 'makedev', 'makedirs', 'minor', 'mkdir', 'mkfifo', 'mknod', 'name', 'nice', 'open', 'openpty', 'pardir', 'path', 'pathconf', 'pathconf_names', 'pathsep', 'pipe', 'pipe2', 'popen', 'posix_fadvise', 'posix_fallocate', 'pread', 'putenv', 'pwrite', 'read', 'readlink', 'readv', 'remove', 'removedirs', 'removexattr', 'rename', 'renames', 'replace', 'rmdir', 'scandir', 'sched_get_priority_max', 'sched_get_priority_min', 'sched_getaffinity', 'sched_getparam', 'sched_getscheduler', 'sched_param', 'sched_rr_get_interval', 'sched_setaffinity', 'sched_setparam', 'sched_setscheduler', 'sched_yield', 'sendfile', 'sep', 'set_blocking', 'set_inheritable', 'setegid', 'seteuid', 'setgid', 'setgroups', 'setpgid', 'setpgrp', 'setpriority', 'setregid', 'setresgid', 'setresuid', 'setreuid', 'setsid', 'setuid', 'setxattr', 'spawnl', 'spawnle', 'spawnlp', 'spawnlpe', 'spawnv', 'spawnve', 'spawnvp', 'spawnvpe', 'st', 'stat', 'stat_float_times', 'stat_result', 'statvfs', 'statvfs_result', 'strerror', 'supports_bytes_environ', 'supports_dir_fd', 'supports_effective_ids', 'supports_fd', 'supports_follow_symlinks', 'symlink', 'sync', 'sys', 'sysconf', 'sysconf_names', 'system', 'tcgetpgrp', 'tcsetpgrp', 'terminal_size', 'times', 'times_result', 'truncate', 'ttyname', 'umask', 'uname', 'uname_result', 'unlink', 'unsetenv', 'urandom', 'utime', 'wait', 'wait3', 'wait4', 'waitid', 'waitid_result', 'waitpid', 'walk', 'write', 'writev']
>>> os.chdir("/home/anu/pci/pccoe/day2")
>>> os.listdir(".")
['len.gs', 'f1.gs']
>>> [x for x in os.listdir(".")]
['len.gs', 'f1.gs']
>>> 
[<_io.TextIOWrapper name='len.gs' mode='r' encoding='UTF-8'>, <_io.TextIOWrapper name='f1.gs' mode='r' encoding='UTF-8'>]
>>> open("len.gs","r")
<_io.TextIOWrapper name='len.gs' mode='r' encoding='UTF-8'>
>>> open("len.gs","r").readlines()
['len.[] =0\n', 'len.(x::xs) = 1 + len.xs\n', '\n', 'append: ([Int], [Int]) -> [Int]\n', '\n', 'append.([], l)\t\t\t= l\n', 'append.((x::xs), [])\t\t= x::xs\n', 'append.((x::xs), (y::ys))\t= x :: (xs++(y::ys))\n', '\n']
>>> [open(x, "r").readlines() for x in os.listdir(".")]
[['len.[] =0\n', 'len.(x::xs) = 1 + len.xs\n', '\n', 'append: ([Int], [Int]) -> [Int]\n', '\n', 'append.([], l)\t\t\t= l\n', 'append.((x::xs), [])\t\t= x::xs\n', 'append.((x::xs), (y::ys))\t= x :: (xs++(y::ys))\n', '\n'], ['ci=[("Al", 100,70,30),\n', '    ("Rupali", 200, 54, 109),(\'Prathamesh\', 22, 99, 108)]\n', '\n']]
>>> [['len.[] =0\n', 'len.(x::xs) = 1 + len.xs\n', '\n', 'append: ([Int], [Int]) -> [Int]\n', '\n', 'append.([], l)\t\t\t= l\n', 'append.((x::xs), [])\t\t= x::xs\n', 'append.((x::xs), (y::ys))\t= x :: (xs++(y::ys))\n', '\n'], ['ci=[("Al", 100,70,30),\n', '    ("Rupali", 200, 54, 109),(\'Prathamesh\', 22, 99, 108)]\n', '\n']]
>>> 
[['len.[] =0\n', 'len.(x::xs) = 1 + len.xs\n', '\n', 'append: ([Int], [Int]) -> [Int]\n', '\n', 'append.([], l)\t\t\t= l\n', 'append.((x::xs), [])\t\t= x::xs\n', 'append.((x::xs), (y::ys))\t= x :: (xs++(y::ys))\n', '\n'], ['ci=[("Al", 100,70,30),\n', '    ("Rupali", 200, 54, 109),(\'Prathamesh\', 22, 99, 108)]\n', '\n']]
>>>   File "<stdin>", line 1
    >>> 
     ^
SyntaxError: invalid syntax
>>> [ y for x in os.listdir(".") for y in open(x, "r").readlines()]
['len.[] =0\n', 'len.(x::xs) = 1 + len.xs\n', '\n', 'append: ([Int], [Int]) -> [Int]\n', '\n', 'append.([], l)\t\t\t= l\n', 'append.((x::xs), [])\t\t= x::xs\n', 'append.((x::xs), (y::ys))\t= x :: (xs++(y::ys))\n', '\n', 'ci=[("Al", 100,70,30),\n', '    ("Rupali", 200, 54, 109),(\'Prathamesh\', 22, 99, 108)]\n', '\n']
>>> 